// Jest Snapshot v1, https://goo.gl/fbAQLP

exports[`renders the Subscreibe page correctly 1`] = `
<div>
  <div>
    <div
      class="container"
    >
      <div
        class="heading"
      >
        <h1
          class="name"
        >
          Subscribe
        </h1>
      </div>
    </div>
    <div
      class="container"
    >
      <div
        class="container"
      >
        <form>
          <div
            class="contactInfo"
          >
            <div
              class="inputItem"
            >
              <label>
                Name 
                <input
                  name="name"
                  placeholder="Please enter your name."
                  required=""
                  type="text"
                />
              </label>
            </div>
            <div
              class="inputItem"
            >
              <label>
                Email Address  
                <input
                  name="email"
                  placeholder="Please enter your email address."
                  required=""
                  type="email"
                />
              </label>
            </div>
            <div
              class="inputItem"
            >
              <label>
                Telephone 
                <input
                  name="telephone"
                  pattern="[0-9]{3}-[0-9]{3}-[0-9]{4}"
                  placeholder="Please enter your telephone number in this format 'XXX-XXX-XXXX'."
                  required=""
                  type="tel"
                />
              </label>
            </div>
            <div
              class="inputItem"
            >
              <label>
                Facebook Username 
                <input
                  name="facebook-username"
                  placeholder="Please enter your Facebook username, optional."
                  type="text"
                />
              </label>
            </div>
            <div
              class="inputItem"
            >
              <label>
                Other Notes 
                <input
                  name="other-notes"
                  placeholder="Please enter other notes you want to share, optional."
                  type="text"
                />
              </label>
            </div>
          </div>
          <div
            class="subcribePreferences"
          >
            <div
              class="selectedCategory"
            >
              <p>
                Please select one category you want to subscribe.
              </p>
              <label>
                <input
                  name="selectedCategory"
                  required=""
                  type="radio"
                  value="American"
                />
                American
              </label>
              <label>
                <input
                  name="selectedCategory"
                  required=""
                  type="radio"
                  value="Asian"
                />
                Asian
              </label>
              <label>
                <input
                  name="selectedCategory"
                  required=""
                  type="radio"
                  value="European"
                />
                European
              </label>
              <label>
                <input
                  name="selectedCategory"
                  required=""
                  type="radio"
                  value="Others"
                />
                Others
              </label>
            </div>
            <div
              class="subcribeMethod"
            >
              <p>
                Please select the subscribe method.
              </p>
              <select
                name="subcribeMethod"
              >
                <option
                  value="Email"
                >
                  Email
                </option>
                <option
                  value="Text"
                >
                  Text
                </option>
              </select>
            </div>
            <div
              class="subcribeLanguage"
            >
              <p>
                Please select your perfered language.
              </p>
              <select
                name="subcribeLanguage"
              >
                <option
                  value="English"
                >
                  English
                </option>
                <option
                  value="Spanish"
                >
                  Spanish
                </option>
                <option
                  value="French"
                >
                  French
                </option>
                <option
                  value="Chinese"
                >
                  Chinese
                </option>
              </select>
            </div>
          </div>
          <button
            class="subscribe"
          >
            Subscribe
          </button>
        </form>
      </div>
    </div>
  </div>
</div>
`;
